temp.h:49:6:wait_si	4	static
temp.h:57:6:start	8	static
temp.h:64:6:write	16	static
temp.h:70:5:read	16	static
temp.h:80:6:stop	4	static
temp.h:88:5:getTemp	24	static
temp.h:102:6:tempInit	4	static
color.h:72:6:RESET_TC0	4	static
color.h:81:6:RESET_TC2	4	static
color.h:91:6:ENABLE_TC0	4	static
color.h:97:6:DISABLE_TC0	4	static
color.h:102:6:ENABLE_TC2	4	static
color.h:108:6:DISABLE_TC2	4	static
color.h:114:6:INIT_TIMER0	4	static
color.h:133:6:INIT_TIMER2	8	static
color.h:153:6:wait_color_sensor	16	static
color.h:160:6:COLOR_SELECT	16	static
color.h:207:6:conversion_table	24	static
color.h:328:6:tens_ones	32	static
color.h:345:5:color	96	static
range.h:12:6:wait_ticks	24	static
range.h:18:7:getPinState	16	static
range.h:21:5:sonarTrigger	24	static
range.h:43:6:sonarInit	8	static
uart.c:60:6:wait	40	static
uart.c:76:6:Baud	4	static
uart.c:89:6:uartInit	8	static
uart.c:126:6:EINT0_IRQHandler	4	static
uart.c:139:6:transmit	16	static
uart.c:152:15:receive	16	static
uart.c:168:6:UART2_IRQHandler	24	static
uart.c:343:5:main	16	static
